
> bindu-jewellery-frontend@0.0.0 build
> vite build

[36mvite v8.0.10 [32mbuilding client environment for production...[36m[39m
[2K
node.exe : 
At C:\Users\adars\AppData\Roaming\npm\npm.ps1:24 char:5
+     & "node$exe"  "$basedir/node_modules/npm/bin/npm-cli.js" $args
+     ~~~~~~~~~~~~~~~~~~~~~~~~~~~~~~~~~~~~~~~~~~~~~~~~~~~~~~~~~~~~~~
    + CategoryInfo          : NotSpecified: (:String) [], RemoteException
    + FullyQualifiedErrorId : NativeCommandError
 
[1m[33mwarn[39m[22m - The class `ease-[cubic-bezier(0.4,0,0.2,1)]` is ambiguous and matches multiple utilities.
[1m[33mwarn[39m[22m - If this is content and not a class, replace it with 
`ease-&lsqb;cubic-bezier(0.4,0,0.2,1)&rsqb;` to silence this warning.
transforming...Γ£ô 3411 modules transformed.
[31mΓ£ù[39m Build failed in 1.26s
[31merror during build:
[31mBuild failed with 1 error:

[31m[builtin:vite-transform] Error:[0m Expected `,` or `)` but found `}`
     [38;5;246mΓò¡[0m[38;5;246mΓöÇ[0m[38;5;246m[[0m src/pages/Customers.jsx:118:17 [38;5;246m][0m
     [38;5;246mΓöé[0m
 [38;5;246m 58 Γöé[0m [38;5;249m [0m[38;5;249m [0m[38;5;249m [0m[38;5;249m [0m[38;5;249m [0m[38;5;249m 
[0m[38;5;249m [0m[38;5;249m [0m[38;5;249m)[0m[38;5;249m [0m[38;5;249m:[0m[38;5;249m [0m(
 [38;5;240m    Γöé[0m             Γö¼  
 [38;5;240m    Γöé[0m             Γò░ΓöÇΓöÇ Opened here
 [38;5;240m    Γöé[0m 
 [38;5;246m118 Γöé[0m [38;5;249m [0m[38;5;249m [0m[38;5;249m [0m[38;5;249m [0m[38;5;249m [0m[38;5;249m 
[0m[38;5;249m [0m[38;5;249m [0m[38;5;249m [0m[38;5;249m [0m[38;5;249m [0m[38;5;249m [0m[38;5;249m 
[0m[38;5;249m [0m[38;5;249m)[0m[38;5;249m)[0m}
 [38;5;240m    Γöé[0m                 Γö¼  
 [38;5;240m    Γöé[0m                 Γò░ΓöÇΓöÇ `,` or `)` expected
[38;5;246mΓöÇΓöÇΓöÇΓöÇΓöÇΓò»[0m
[31m
    at aggregateBindingErrorsIntoJsError (file:///C:/Users/adars/Desktop/bectree/code/Project1/bindu-jewellery-frontend
/node_modules/rolldown/dist/shared/error-DL-e8-oE.mjs:48:18)
    at unwrapBindingResult (file:///C:/Users/adars/Desktop/bectree/code/Project1/bindu-jewellery-frontend/node_modules/
rolldown/dist/shared/error-DL-e8-oE.mjs:18:128)
    at #build (file:///C:/Users/adars/Desktop/bectree/code/Project1/bindu-jewellery-frontend/node_modules/rolldown/dist
/shared/rolldown-build-DSxL8qiP.mjs:3317:34)
    at async buildEnvironment (file:///C:/Users/adars/Desktop/bectree/code/Project1/bindu-jewellery-frontend/node_modul
es/vite/dist/node/chunks/node.js:33018:64)
    at async Object.build (file:///C:/Users/adars/Desktop/bectree/code/Project1/bindu-jewellery-frontend/node_modules/v
ite/dist/node/chunks/node.js:33440:19)
    at async Object.buildApp (file:///C:/Users/adars/Desktop/bectree/code/Project1/bindu-jewellery-frontend/node_module
s/vite/dist/node/chunks/node.js:33437:153)
    at async CAC.<anonymous> (file:///C:/Users/adars/Desktop/bectree/code/Project1/bindu-jewellery-frontend/node_module
s/vite/dist/node/cli.js:778:3) {
  errors: [Getter/Setter]
}[39m
